undici@6.27.0
├─┬ @actions/http-client@2.2.3
│ └─┬ @actions/core@1.11.1
│   └─┬ @nomicfoundation/hardhat-node-test-reporter@3.1.0
│     └─┬ @nomicfoundation/hardhat-node-test-runner@3.0.17
│       └─┬ @nomicfoundation/hardhat-toolbox-viem@5.0.7
│         └── @egog/contracts@0.1.0 (devDependencies)
└─┬ @nomicfoundation/hardhat-utils@4.1.4
  ├─┬ @nomicfoundation/hardhat-errors@3.0.16
  │ ├─┬ @nomicfoundation/hardhat-ignition@3.1.8
  │ │ ├─┬ @nomicfoundation/hardhat-ignition-viem@3.1.6
  │ │ │ └── @nomicfoundation/hardhat-toolbox-viem@5.0.7 [deduped]
  │ │ └── @nomicfoundation/hardhat-toolbox-viem@5.0.7 [deduped]
  │ ├── @nomicfoundation/hardhat-ignition-viem@3.1.6 [deduped]
  │ ├─┬ @nomicfoundation/hardhat-keystore@3.0.12
  │ │ └── @nomicfoundation/hardhat-toolbox-viem@5.0.7 [deduped]
  │ ├─┬ @nomicfoundation/hardhat-network-helpers@3.0.11
  │ │ └── @nomicfoundation/hardhat-toolbox-viem@5.0.7 [deduped]
  │ ├── @nomicfoundation/hardhat-node-test-runner@3.0.17 [deduped]
  │ ├─┬ @nomicfoundation/hardhat-verify@3.0.21
  │ │ ├── @nomicfoundation/hardhat-ignition@3.1.8 [deduped]
  │ │ ├── @nomicfoundation/hardhat-ignition-viem@3.1.6 [deduped]
  │ │ └── @nomicfoundation/hardhat-toolbox-viem@5.0.7 [deduped]
  │ ├─┬ @nomicfoundation/hardhat-viem@3.0.9
  │ │ ├── @nomicfoundation/hardhat-ignition-viem@3.1.6 [deduped]
  │ │ ├── @nomicfoundation/hardhat-toolbox-viem@5.0.7 [deduped]
  │ │ └─┬ @nomicfoundation/hardhat-viem-assertions@3.1.2
  │ │   ├── @egog/contracts@0.1.0 (devDependencies)
  │ │   └── @nomicfoundation/hardhat-toolbox-viem@5.0.7 [deduped]
  │ ├── @nomicfoundation/hardhat-viem-assertions@3.1.2 [deduped]
  │ ├─┬ @nomicfoundation/hardhat-zod-utils@3.0.5
  │ │ ├── @nomicfoundation/hardhat-keystore@3.0.12 [deduped]
  │ │ ├── @nomicfoundation/hardhat-node-test-runner@3.0.17 [deduped]
  │ │ ├── @nomicfoundation/hardhat-verify@3.0.21 [deduped]
  │ │ └─┬ hardhat@3.9.1
  │ │   ├── @egog/contracts@0.1.0 (devDependencies)
  │ │   ├── @nomicfoundation/hardhat-ignition@3.1.8 [deduped]
  │ │   ├── @nomicfoundation/hardhat-ignition-viem@3.1.6 [deduped]
  │ │   ├── @nomicfoundation/hardhat-keystore@3.0.12 [deduped]
  │ │   ├── @nomicfoundation/hardhat-network-helpers@3.0.11 [deduped]
  │ │   ├── @nomicfoundation/hardhat-node-test-runner@3.0.17 [deduped]
  │ │   ├── @nomicfoundation/hardhat-toolbox-viem@5.0.7 [deduped]
  │ │   ├── @nomicfoundation/hardhat-verify@3.0.21 [deduped]
  │ │   ├── @nomicfoundation/hardhat-viem@3.0.9 [deduped]
  │ │   └── @nomicfoundation/hardhat-viem-assertions@3.1.2 [deduped]
  │ ├─┬ @nomicfoundation/ignition-core@3.1.8
  │ │ ├── @nomicfoundation/hardhat-ignition@3.1.8 [deduped]
  │ │ ├── @nomicfoundation/hardhat-ignition-viem@3.1.6 [deduped]
  │ │ └── @nomicfoundation/hardhat-toolbox-viem@5.0.7 [deduped]
  │ └── hardhat@3.9.1 [deduped]
  ├── @nomicfoundation/hardhat-ignition@3.1.8 [deduped]
  ├── @nomicfoundation/hardhat-keystore@3.0.12 [deduped]
  ├── @nomicfoundation/hardhat-network-helpers@3.0.11 [deduped]
  ├── @nomicfoundation/hardhat-node-test-runner@3.0.17 [deduped]
  ├── @nomicfoundation/hardhat-verify@3.0.21 [deduped]
  ├── @nomicfoundation/hardhat-viem@3.0.9 [deduped]
  ├── @nomicfoundation/hardhat-viem-assertions@3.1.2 [deduped]
  ├── @nomicfoundation/hardhat-zod-utils@3.0.5 [deduped]
  ├── @nomicfoundation/ignition-core@3.1.8 [deduped]
  └── hardhat@3.9.1 [deduped]

Found 1 version of undici
